[line 1] Error at '?': Expecting ':' for ternary expression
[line 3] Error at end: Expect ';' after value.
